15:51:13 22/02/2019; 'Code: 401; message: Ошибка аутентификации: Неправильный пароль или имя пользователя'; https://online.moysklad.ru/api/remap/1.1/entity/organization; 
15:51:40 22/02/2019; 'Code: 401; message: Ошибка аутентификации: Неправильный пароль или имя пользователя'; https://online.moysklad.ru/api/remap/1.1/entity/organization; 
09:29:20 25/02/2019; 'Code: 401; message: Ошибка аутентификации: Неправильный пароль или имя пользователя'; https://online.moysklad.ru/api/remap/1.1/entity/organization; 
10:58:29 25/02/2019; 'Code: 401; message: Ошибка аутентификации: Неправильный пароль или имя пользователя'; https://online.moysklad.ru/api/remap/1.1/entity/organization; 
10:58:50 25/02/2019; 'Code: 401; message: Ошибка аутентификации: Неправильный пароль или имя пользователя'; https://online.moysklad.ru/api/remap/1.1/entity/organization; 
11:00:01 25/02/2019; 'Code: 401; message: Ошибка аутентификации: Неправильный пароль или имя пользователя'; https://online.moysklad.ru/api/remap/1.1/entity/organization; 
11:00:13 25/02/2019; 'Code: 401; message: Ошибка аутентификации: Неправильный пароль или имя пользователя'; https://online.moysklad.ru/api/remap/1.1/entity/organization; 
11:00:35 25/02/2019; 'Code: 401; message: Ошибка аутентификации: Неправильный пароль или имя пользователя'; https://online.moysklad.ru/api/remap/1.1/entity/organization; 
11:06:40 25/02/2019; 'Code: 401; message: Ошибка аутентификации: Неправильный пароль или имя пользователя'; https://online.moysklad.ru/api/remap/1.1/entity/organization; 
11:07:17 25/02/2019; 'Code: 401; message: Ошибка аутентификации: Неправильный пароль или имя пользователя'; https://online.moysklad.ru/api/remap/1.1/entity/organization; 
11:07:28 25/02/2019; 'Code: 401; message: Ошибка аутентификации: Неправильный пароль или имя пользователя'; https://online.moysklad.ru/api/remap/1.1/entity/organization; 
11:08:28 25/02/2019; 'Code: 401; message: Ошибка аутентификации: Неправильный пароль или имя пользователя'; https://online.moysklad.ru/api/remap/1.1/entity/organization; 
11:09:05 25/02/2019; 'Code: 401; message: Ошибка аутентификации: Неправильный пароль или имя пользователя'; https://online.moysklad.ru/api/remap/1.1/entity/organization; 
11:15:41 25/02/2019; 'Code: 401; message: Ошибка аутентификации: Неправильный пароль или имя пользователя'; https://online.moysklad.ru/api/remap/1.1/entity/organization; 
11:25:52 25/02/2019; 'Code: 401; message: Ошибка аутентификации: Неправильный пароль или имя пользователя'; https://online.moysklad.ru/api/remap/1.1/entity/organization; 
12:00:12 25/02/2019; 'Code: 401; message: Ошибка аутентификации: Неправильный пароль или имя пользователя'; https://online.moysklad.ru/api/remap/1.1/entity/organization; 
13:22:15 25/02/2019; 'Code: 401; message: Ошибка аутентификации: Неправильный пароль или имя пользователя'; https://online.moysklad.ru/api/remap/1.1/entity/organization; 
13:31:18 25/02/2019; 'Code: 401; message: Ошибка аутентификации: Неправильный пароль или имя пользователя'; https://online.moysklad.ru/api/remap/1.1/entity/organization; 
13:33:29 25/02/2019; '[401] - Ошибка аутентификации: Неправильный пароль или имя пользователя'; https://online.moysklad.ru/api/remap/1.1/entity/organization; 
13:34:08 25/02/2019; '[401] - Ошибка аутентификации: Неправильный пароль или имя пользователя'; https://online.moysklad.ru/api/remap/1.1/entity/organization; 
13:34:58 25/02/2019; '[401] - Ошибка аутентификации: Неправильный пароль или имя пользователя'; https://online.moysklad.ru/api/remap/1.1/entity/organization; 
13:35:33 25/02/2019; '[401] - Ошибка аутентификации: Неправильный пароль или имя пользователя'; https://online.moysklad.ru/api/remap/1.1/entity/organization; 
13:36:06 25/02/2019; '[401] - Ошибка аутентификации: Неправильный пароль или имя пользователя'; https://online.moysklad.ru/api/remap/1.1/entity/organization; 
